
> temp-app@0.1.0 build
> npx prisma generate && next build

Environment variables loaded from .env
Prisma schema loaded from prisma/schema.prisma

✔ Generated Prisma Client (v5.22.0) to ./node_modules/@prisma/client in 33ms

Start by importing your Prisma Client (See: https://pris.ly/d/importing-client)

Tip: Want to turn off tips and other hints? https://pris.ly/tip-4-nohints

[baseline-browser-mapping] The data in this module is over two months old.  To ensure accurate Baseline data, please update: `npm i baseline-browser-mapping@latest -D`
▲ Next.js 16.1.6 (Turbopack)
- Environments: .env

⚠ The "middleware" file convention is deprecated. Please use "proxy" instead. Learn more: https://nextjs.org/docs/messages/middleware-to-proxy
  Creating an optimized production build ...
[baseline-browser-mapping] The data in this module is over two months old.  To ensure accurate Baseline data, please update: `npm i baseline-browser-mapping@latest -D`
✓ Compiled successfully in 3.1s
  Running TypeScript ...
  Collecting page data using 9 workers ...
[baseline-browser-mapping] The data in this module is over two months old.  To ensure accurate Baseline data, please update: `npm i baseline-browser-mapping@latest -D`
[baseline-browser-mapping] The data in this module is over two months old.  To ensure accurate Baseline data, please update: `npm i baseline-browser-mapping@latest -D`
[baseline-browser-mapping] The data in this module is over two months old.  To ensure accurate Baseline data, please update: `npm i baseline-browser-mapping@latest -D`
[baseline-browser-mapping] The data in this module is over two months old.  To ensure accurate Baseline data, please update: `npm i baseline-browser-mapping@latest -D`
[baseline-browser-mapping] The data in this module is over two months old.  To ensure accurate Baseline data, please update: `npm i baseline-browser-mapping@latest -D`
[baseline-browser-mapping] The data in this module is over two months old.  To ensure accurate Baseline data, please update: `npm i baseline-browser-mapping@latest -D`
[baseline-browser-mapping] The data in this module is over two months old.  To ensure accurate Baseline data, please update: `npm i baseline-browser-mapping@latest -D`
[baseline-browser-mapping] The data in this module is over two months old.  To ensure accurate Baseline data, please update: `npm i baseline-browser-mapping@latest -D`
[baseline-browser-mapping] The data in this module is over two months old.  To ensure accurate Baseline data, please update: `npm i baseline-browser-mapping@latest -D`
  Generating static pages using 9 workers (0/43) ...
  Generating static pages using 9 workers (10/43) 
The width(-1) and height(-1) of chart should be greater than 0,
       please check the style of container, or the props width(100%) and height(100%),
       or add a minWidth(0) or minHeight(undefined) or use aspect(undefined) to control the
       height and width.
  Generating static pages using 9 workers (21/43) 
The width(-1) and height(-1) of chart should be greater than 0,
       please check the style of container, or the props width(100%) and height(100%),
       or add a minWidth(0) or minHeight(undefined) or use aspect(undefined) to control the
       height and width.
  Generating static pages using 9 workers (32/43) 
The width(-1) and height(-1) of chart should be greater than 0,
       please check the style of container, or the props width(100%) and height(100%),
       or add a minWidth(0) or minHeight(undefined) or use aspect(undefined) to control the
       height and width.
The width(-1) and height(-1) of chart should be greater than 0,
       please check the style of container, or the props width(100%) and height(100%),
       or add a minWidth(0) or minHeight(undefined) or use aspect(undefined) to control the
       height and width.
The width(-1) and height(-1) of chart should be greater than 0,
       please check the style of container, or the props width(100%) and height(100%),
       or add a minWidth(0) or minHeight(undefined) or use aspect(undefined) to control the
       height and width.
⨯ useSearchParams() should be wrapped in a suspense boundary at page "/resetar-senha". Read more: https://nextjs.org/docs/messages/missing-suspense-with-csr-bailout
    at Q (/Users/lucasdematos/Desktop/ARVO/.next/server/chunks/ssr/node_modules_next_920e7746._.js:2:2111)
    at o (/Users/lucasdematos/Desktop/ARVO/.next/server/chunks/ssr/node_modules_next_920e7746._.js:4:5284)
    at e (/Users/lucasdematos/Desktop/ARVO/.next/server/chunks/ssr/src_app_resetar-senha_page_tsx_2fec31c1._.js:1:246)
    at an (/Users/lucasdematos/Desktop/ARVO/node_modules/next/dist/compiled/next-server/app-page-turbo.runtime.prod.js:2:84360)
    at ai (/Users/lucasdematos/Desktop/ARVO/node_modules/next/dist/compiled/next-server/app-page-turbo.runtime.prod.js:2:86179)
    at al (/Users/lucasdematos/Desktop/ARVO/node_modules/next/dist/compiled/next-server/app-page-turbo.runtime.prod.js:2:107953)
    at as (/Users/lucasdematos/Desktop/ARVO/node_modules/next/dist/compiled/next-server/app-page-turbo.runtime.prod.js:2:105368)
    at aa (/Users/lucasdematos/Desktop/ARVO/node_modules/next/dist/compiled/next-server/app-page-turbo.runtime.prod.js:2:84712)
    at ai (/Users/lucasdematos/Desktop/ARVO/node_modules/next/dist/compiled/next-server/app-page-turbo.runtime.prod.js:2:86228)
    at ai (/Users/lucasdematos/Desktop/ARVO/node_modules/next/dist/compiled/next-server/app-page-turbo.runtime.prod.js:2:104708)
Error occurred prerendering page "/resetar-senha". Read more: https://nextjs.org/docs/messages/prerender-error
Export encountered an error on /resetar-senha/page: /resetar-senha, exiting the build.
⨯ Next.js build worker exited with code: 1 and signal: null
